Object Storage - Storage (Exoscale)

Qty: 87955674.09 UNIT
Price: CHF 0.0000 / UNIT