PostgreSQL by VSHN

Plan: standalone-guaranteed
Qty: 87955674 Instance-Hours
Unit Price: CHF 0.00000075 / UNIT / Hour
