VSHN-managed PostgreSQL

Plan: standalone-besteffort
Qty: 87955674 Instance-Hours
Unit Price: CHF 0.00000075 / UNIT / Hour
